Boolean Operands:
false
true
false
true
true
true

Eq:
Ord:
Num:
RealFrac:

Text Casing:
Text Casing:
lorem ipsum-Phrase
Lorem ipsum-Phrase
lorem ipsum-phrase
LOREM IPSUM-PHRASE
Lorem Ipsum Phrase
loremIpsumPhrase
LoremIpsumPhrase
lorem_ipsum_phrase
lorem-ipsum-phrase
Lorem-Ipsum-Phrase
1st
Lorem ipsum-phrase
single | lower == "lorem ipsum"

Text Substitution:
Lorem
ipsum-Phrase
orem ipsum-Phrase
IpsumPhrase
ipsum-Phrase
Lorem ipsum-
Lorem ipsum-Phrase
Lorem ipsum-Phrase
Hi!
Phrase

Sequences:
0
3
5
1
true
false
false
false

Collections:

Poly:
"Lorem Ipsum"
true
1.0
["a","b","c","d","e"]
{"key":"value"}
